<html>
<body>
<pre>
<h1>µVision Build Log</h1>
<h2>Tool Versions:</h2>
IDE-Version: µVision V5.29.0.0
Copyright (C) 2019 ARM Ltd and ARM Germany GmbH. All rights reserved.
License Information: Bishoy Zakaria, assuit university, LIC=----
 
Tool Versions:
Toolchain:       MDK-Lite  Version: 5.29.0.0
Toolchain Path:  C:\Keil_v5\ARM\ARMCC\Bin
C Compiler:      Armcc.exe V5.06 update 6 (build 750)
Assembler:       Armasm.exe V5.06 update 6 (build 750)
Linker/Locator:  ArmLink.exe V5.06 update 6 (build 750)
Library Manager: ArmAr.exe V5.06 update 6 (build 750)
Hex Converter:   FromElf.exe V5.06 update 6 (build 750)
CPU DLL:         SARMCM3.DLL V5.29.0.0
Dialog DLL:      DCM.DLL V1.17.3.0
Target DLL:      UL2CM3.DLL V1.163.0.0
Dialog DLL:      TCM.DLL V1.36.5.0
 
<h2>Project:</h2>
C:\Users\20112\Desktop\ARM_Task\WDT\WDT.uvprojx
Project File Date:  12/10/2020

<h2>Output:</h2>
*** Using Compiler 'V5.06 update 6 (build 750)', folder: 'C:\Keil_v5\ARM\ARMCC\Bin'
Rebuild target 'Target 1'
compiling WDT.c...
WDT.c(5): warning:  #550-D: variable "tick_time"  was set but never used
  	float32 tick_time=0;
WDT.c: 1 warning, 0 errors
compiling Int_Ctrl.c...
sources\Int_Ctrl.c(9): warning:  #550-D: variable "Loc_SubGroupPri"  was set but never used
  		int   Loc_SubGroupPri	 =0;
sources\Int_Ctrl.c: 1 warning, 0 errors
compiling main.c...
main.c(8): warning:  #1-D: last line of file ends without a newline
  }
main.c: 1 warning, 0 errors
assembling startup_TM4C123.s...
compiling MCU.c...
.\headers\MCU_Lcfg.h(17): warning:  #1-D: last line of file ends without a newline
  */
.\headers\MCU_Lcfg.h(17): warning:  #1-D: last line of file ends without a newline
  */
sources\MCU.c(65): warning:  #61-D: integer operation result is out of range
  			SET_BIT(RCC2,31);           // use RCC2 to earn more dirivates
sources\MCU.c(65): warning:  #68-D: integer conversion resulted in a change of sign
  			SET_BIT(RCC2,31);           // use RCC2 to earn more dirivates
sources\MCU.c(139): warning:  #61-D: integer operation result is out of range
  				SET_BIT(RCC2,31);        // using RCC2
sources\MCU.c(139): warning:  #68-D: integer conversion resulted in a change of sign
  				SET_BIT(RCC2,31);        // using RCC2
sources\MCU.c: 6 warnings, 0 errors
compiling system_TM4C123.c...
linking...
Program Size: Code=768 RO-data=652 RW-data=40 ZI-data=608  
".\Objects\WDT.axf" - 0 Error(s), 9 Warning(s).

<h2>Software Packages used:</h2>

Package Vendor: ARM
                http://www.keil.com/pack/ARM.CMSIS.5.7.0.pack
                ARM.CMSIS.5.7.0
                CMSIS (Cortex Microcontroller Software Interface Standard)
   * Component: CORE Version: 5.4.0

Package Vendor: Keil
                http://www.keil.com/pack/Keil.TM4C_DFP.1.1.0.pack
                Keil.TM4C_DFP.1.1.0
                Texas Instruments Tiva C Series Device Support and Examples
   * Component: Startup Version: 1.0.1

<h2>Collection of Component include folders:</h2>
  .\RTE\_Target_1
  C:\Users\20112\AppData\Local\Arm\Packs\ARM\CMSIS\5.7.0\CMSIS\Core\Include
  C:\Users\20112\AppData\Local\Arm\Packs\Keil\TM4C_DFP\1.1.0\Device\Include\TM4C123

<h2>Collection of Component Files used:</h2>

   * Component: ARM::CMSIS:CORE:5.4.0

   * Component: Keil::Device:Startup:1.0.1
      Source file:   Device\Source\system_TM4C123.c
      Include file:  Device\Include\TM4C123\TM4C123.h
      Source file:   Device\Source\ARM\startup_TM4C123.s
Build Time Elapsed:  00:00:01
</pre>
</body>
</html>
